
exports[`renders when there is quote 1`] = `
  <div className="quote">
    <p>
      &quot;Mathematics is not a careful march down a well-cleared highway,
      but a journey into a strange wilderness, where the explorers often
      get lost. Rigor should be a signal to the historians that the maps
      have been made, and the real explorers have gone elsewhere.&quot; W.S. Anglin
      {' '}
    </p>
  </div>
`;
